"public\/PAGE-1-FILTER_REGION_EU-SORT_PRICE_DESC.md"
