"public\/filter-platform\/PAGE-1-FILTER_PLATFORM_PS4-SORT_DATE_DESC.md"
