"public\/filter-platform\/PAGE-1-FILTER_PLATFORM_PS4-SORT_TITLE_DESC.md"
