"public\/filter-region\/PAGE-1-FILTER_REGION_EU-SORT_TROPHIES_DESC.md"
