"public\/filter-platform\/PAGE-1-FILTER_PLATFORM_PS5-SORT_TITLE_ASC.md"
