"public\/PAGE-1-FILTER_PLATFORM_PS4-SORT_TIME_ASC.md"
