"<h1 align=\"center\">PlayStation: Easy platinums<\/h1>\n\n<p align=\"center\">\n    <img src=\"https:\/\/github.com\/robiningelbrecht\/playstation-easy-platinums\/raw\/master\/assets\/ps-logo.png\" width=\"200\"\n         alt=\"PlayStation\">\n<\/p>\n\n------\n\n<h2 align=\"center\">Statistics<\/h2>\n\n<div align=\"center\">\n    <table>\n        <thead>\n        <tr>\n            <th>&nbsp;&nbsp;&nbsp;&nbsp;&nbsp;<\/th>\n            <th># of games added<\/th>\n            <th># trophies<\/th>\n            <th>Points<\/th>\n        <\/tr>\n        <\/thead>\n        <tbody>\n                    <tr>\n                <td align=\"center\"><\/td>\n                <td align=\"center\">0<\/td>\n                <td align=\"center\">0<\/td>\n                <td align=\"center\">0<\/td>\n            <\/tr>\n                    <tr>\n                <td align=\"center\"><\/td>\n                <td align=\"center\">87<\/td>\n                <td align=\"center\">1674<\/td>\n                <td align=\"center\">115935<\/td>\n            <\/tr>\n                <\/tbody>\n        <tfoot>\n        <tr>\n            <td align=\"center\"><b>Total<\/b><\/td>\n            <td align=\"center\"><b>87<\/b><\/td>\n            <td align=\"center\"><b>1674<\/b><\/td>\n            <td align=\"center\"><b>115935<\/b><\/td>\n        <\/tr>\n        <\/tfoot>\n    <\/table>\n<\/div>"
