"public\/filter-region\/PAGE-1-FILTER_REGION_EU-SORT_TITLE_DESC.md"
