"public\/PAGE-1-FILTER_PLATFORM_PS5-SORT_POINTS_DESC.md"
