"public\/PAGE-1-FILTER_REGION_EU-SORT_POINTS_ASC.md"
