"public\/PAGE-1-FILTER_REGION_EU-SORT_TIME_DESC.md"
