"public\/PAGE-1-FILTER_PLATFORM_PS5-SORT_TROPHIES_ASC.md"
