"<h1 align=\"center\">PlayStation: Easy platinums<\/h1>\n\n<p align=\"center\">\n    <img src=\"https:\/\/github.com\/robiningelbrecht\/playstation-easy-platinums\/raw\/master\/assets\/ps-logo.png\" width=\"200\"\n         alt=\"PlayStation\">\n<\/p>\n\n        \n<p align=\"center\">\n    Completing all these games would take you about <kbd>8 hours<\/kbd>\n    or <kbd>1 days<\/kbd> and cost you approximately <kbd>\u20ac123.68<\/kbd> and <kbd>$5.97<\/kbd>\n<\/p>\n\n------\n\n<h2 align=\"center\">Total number of games<\/h2>\n\n<div align=\"center\">\n    <table>\n        <thead>\n        <tr>\n            <th>&nbsp;&nbsp;&nbsp;&nbsp;&nbsp;<\/th>\n            <th># of games added<\/th>\n            <th># trophies<\/th>\n            <th>Points<\/th>\n        <\/tr>\n        <\/thead>\n        <tbody>\n                    <tr>\n                <td align=\"center\">Today<\/td>\n                <td align=\"center\">0<\/td>\n                <td align=\"center\">0<\/td>\n                <td align=\"center\">0<\/td>\n            <\/tr>\n                    <tr>\n                <td align=\"center\">Yesterday<\/td>\n                <td align=\"center\">0<\/td>\n                <td align=\"center\">0<\/td>\n                <td align=\"center\">0<\/td>\n            <\/tr>\n                    <tr>\n                <td align=\"center\">July 2022<\/td>\n                <td align=\"center\">87<\/td>\n                <td align=\"center\">1 674<\/td>\n                <td align=\"center\">115 935<\/td>\n            <\/tr>\n                <tr>\n            <td align=\"center\"><b>Total<\/b><\/td>\n            <td align=\"center\"><b>87<\/b>\n            <\/td>\n            <td align=\"center\">\n                <b>1 674<\/b><\/td>\n            <td align=\"center\"><b>115 935<\/b><\/td>\n        <\/tr>\n        <\/tbody>\n    <\/table>\n<\/div>\n\n<h2 align=\"center\">Games per platform and region<\/h2>\n\n<div align=\"center\">\n    <table>\n        <thead>\n        <tr>\n            <th>Platform \/<br\/>Region<\/th>\n                            <th>PS4<\/th>\n                            <th>PS5<\/th>\n                        <th>&nbsp;<\/th>\n        <\/tr>\n        <\/thead>\n        <tbody>\n                    <tr>\n                <td align=\"center\"><b>EU<\/b><\/td>\n                                    <td align=\"center\">56<\/td>\n                                    <td align=\"center\">28<\/td>\n                                <td align=\"center\"><b>84<\/b><\/td>\n            <\/tr>\n                    <tr>\n                <td align=\"center\"><b>No region<\/b><\/td>\n                                    <td align=\"center\">1<\/td>\n                                    <td align=\"center\">2<\/td>\n                                <td align=\"center\"><b>3<\/b><\/td>\n            <\/tr>\n                <tr>\n            <td>&nbsp;<\/td>\n                            <td align=\"center\"><b>57<\/b><\/td>\n                            <td align=\"center\"><b>30<\/b><\/td>\n                        <td>&nbsp;<\/td>\n        <\/tr>\n        <\/tbody>\n    <\/table>\n<\/div>"
