"<h1 align=\"center\">PlayStation: Easy platinums<\/h1>\n\n<p align=\"center\">\n    <img src=\"https:\/\/github.com\/robiningelbrecht\/playstation-easy-platinums\/raw\/master\/assets\/ps-logo.png\" width=\"200\"\n         alt=\"PlayStation\">\n<\/p>\n\n<p align=\"center\">\n    This repository is a collection of easy and quick (< 1h) obtainable PlayStation platinum trophies. It is updated\n    daily.\n    <br \/><a href=\"https:\/\/github.com\/robiningelbrecht\/playstation-easy-platinums\/blob\/master\/public\/STATISTICS.md\">Some statistics<\/a>\n<\/p>\n\n------\n                                                                                                                                \n<kbd>Region<\/kbd> : <kbd><a href=\"https:\/\/github.com\/robiningelbrecht\/playstation-easy-platinums\/blob\/master\/public\/PAGE-1-SORT_TROPHIES_DESC.md\">All<\/a><\/kbd> | <kbd><a href=\"https:\/\/github.com\/robiningelbrecht\/playstation-easy-platinums\/blob\/master\/public\/filter-region\/PAGE-1-FILTER_REGION_EU-SORT_TROPHIES_DESC.md\">EU<\/a><\/kbd>\n                                                                                                                                                                \n<kbd>Platform<\/kbd> : <kbd><a href=\"https:\/\/github.com\/robiningelbrecht\/playstation-easy-platinums\/blob\/master\/public\/PAGE-1-SORT_TROPHIES_DESC.md\">All<\/a><\/kbd> | <kbd><a href=\"https:\/\/github.com\/robiningelbrecht\/playstation-easy-platinums\/blob\/master\/public\/filter-platform\/PAGE-1-FILTER_PLATFORM_PS4-SORT_TROPHIES_DESC.md\">PS4<\/a><\/kbd> | <kbd>PS5<\/kbd>\n\n------\n\n<p align=\"center\">\n    \n<\/p>\n\n<table>\n    <thead>\n    <tr>\n        <th># <a href=\"https:\/\/github.com\/robiningelbrecht\/playstation-easy-platinums\/blob\/master\/public\/PAGE-1-SORT_DATE_ASC.md\">\u25b2<\/a><a href=\"https:\/\/github.com\/robiningelbrecht\/playstation-easy-platinums\/blob\/master\/public\/PAGE-1-SORT_DATE_DESC.md\">\u25bc<\/a><\/th>\n        <th>Title <a href=\"https:\/\/github.com\/robiningelbrecht\/playstation-easy-platinums\/blob\/master\/public\/PAGE-1-SORT_TITLE_ASC.md\">\u25b2<\/a><a href=\"https:\/\/github.com\/robiningelbrecht\/playstation-easy-platinums\/blob\/master\/public\/PAGE-1-SORT_TITLE_DESC.md\">\u25bc<\/a><\/th>\n        <th>Time <a href=\"https:\/\/github.com\/robiningelbrecht\/playstation-easy-platinums\/blob\/master\/public\/PAGE-1-SORT_TIME_ASC.md\">\u25b2<\/a><a href=\"https:\/\/github.com\/robiningelbrecht\/playstation-easy-platinums\/blob\/master\/public\/PAGE-1-SORT_TIME_DESC.md\">\u25bc<\/a><\/th>\n        <th>Price <a href=\"https:\/\/github.com\/robiningelbrecht\/playstation-easy-platinums\/blob\/master\/public\/PAGE-1-SORT_PRICE_ASC.md\">\u25b2<\/a><a href=\"https:\/\/github.com\/robiningelbrecht\/playstation-easy-platinums\/blob\/master\/public\/PAGE-1-SORT_PRICE_DESC.md\">\u25bc<\/a><\/th>\n        <th>Trophies <a href=\"https:\/\/github.com\/robiningelbrecht\/playstation-easy-platinums\/blob\/master\/public\/PAGE-1-SORT_TROPHIES_ASC.md\">\u25b2<\/a>\u25bc<\/th>\n        <th><img src=\"https:\/\/github.com\/robiningelbrecht\/playstation-easy-platinums\/raw\/master\/assets\/trophy-gold.png\"\n                 alt=\"gold\" width=\"20\"\/><\/th>\n        <th>\n            <img src=\"https:\/\/github.com\/robiningelbrecht\/playstation-easy-platinums\/raw\/master\/assets\/trophy-silver.png\"\n                 alt=\"silver\" width=\"20\"\/><\/th>\n        <th>\n            <img src=\"https:\/\/github.com\/robiningelbrecht\/playstation-easy-platinums\/raw\/master\/assets\/trophy-bronze.png\"\n                 alt=\"bronze\" width=\"20\"\/><\/th>\n        <th>Points <a href=\"https:\/\/github.com\/robiningelbrecht\/playstation-easy-platinums\/blob\/master\/public\/PAGE-1-SORT_POINTS_ASC.md\">\u25b2<\/a><a href=\"https:\/\/github.com\/robiningelbrecht\/playstation-easy-platinums\/blob\/master\/public\/PAGE-1-SORT_POINTS_DESC.md\">\u25bc<\/a><\/th>\n    <\/tr>\n    <\/thead>\n    <tbody>\n            <tr>\n            <td><a href=\"https:\/\/psnprofiles.com\/trophies\/16805-the-bronze-age\"><img\n                            src=\"https:\/\/github.com\/robiningelbrecht\/playstation-easy-platinums\/raw\/master\/assets\/thumbs\/16805.png\"\n                            alt=\"The Bronze Age\" width=\"60\"><\/a><\/td>\n            <td>\n                <a href=\"https:\/\/psnprofiles.com\/trophies\/16805-the-bronze-age\">The Bronze Age<\/a>\n                <kbd>PS5 \u2022 EU<\/kbd>\n            <\/td>\n            <td align=\"center\">3 min<\/td>\n            <td align=\"center\">\u20ac1.49<\/td>\n            <td align=\"center\">66<\/td>\n            <td align=\"center\">1<\/td>\n            <td align=\"center\">0<\/td>\n            <td align=\"center\">64<\/td>\n            <td align=\"center\">1350<\/td>\n        <\/tr>\n            <tr>\n            <td><a href=\"https:\/\/psnprofiles.com\/trophies\/16270-the-jumping-burger\"><img\n                            src=\"https:\/\/github.com\/robiningelbrecht\/playstation-easy-platinums\/raw\/master\/assets\/thumbs\/16270.png\"\n                            alt=\"The Jumping Burger\" width=\"60\"><\/a><\/td>\n            <td>\n                <a href=\"https:\/\/psnprofiles.com\/trophies\/16270-the-jumping-burger\">The Jumping Burger<\/a>\n                <kbd>PS5 \u2022 EU<\/kbd>\n            <\/td>\n            <td align=\"center\">6 min<\/td>\n            <td align=\"center\">\u20ac1.49<\/td>\n            <td align=\"center\">21<\/td>\n            <td align=\"center\">9<\/td>\n            <td align=\"center\">5<\/td>\n            <td align=\"center\">6<\/td>\n            <td align=\"center\">1350<\/td>\n        <\/tr>\n            <tr>\n            <td><a href=\"https:\/\/psnprofiles.com\/trophies\/16623-the-jumping-hot-dog\"><img\n                            src=\"https:\/\/github.com\/robiningelbrecht\/playstation-easy-platinums\/raw\/master\/assets\/thumbs\/16623.png\"\n                            alt=\"The Jumping Hot Dog\" width=\"60\"><\/a><\/td>\n            <td>\n                <a href=\"https:\/\/psnprofiles.com\/trophies\/16623-the-jumping-hot-dog\">The Jumping Hot Dog<\/a>\n                <kbd>PS5 \u2022 EU<\/kbd>\n            <\/td>\n            <td align=\"center\">4 min<\/td>\n            <td align=\"center\">\u20ac1.49<\/td>\n            <td align=\"center\">21<\/td>\n            <td align=\"center\">9<\/td>\n            <td align=\"center\">5<\/td>\n            <td align=\"center\">6<\/td>\n            <td align=\"center\">1350<\/td>\n        <\/tr>\n            <tr>\n            <td><a href=\"https:\/\/psnprofiles.com\/trophies\/16704-the-spidy-d\"><img\n                            src=\"https:\/\/github.com\/robiningelbrecht\/playstation-easy-platinums\/raw\/master\/assets\/thumbs\/16704.png\"\n                            alt=\"The Spidy D\" width=\"60\"><\/a><\/td>\n            <td>\n                <a href=\"https:\/\/psnprofiles.com\/trophies\/16704-the-spidy-d\">The Spidy D<\/a>\n                <kbd>PS5 \u2022 EU<\/kbd>\n            <\/td>\n            <td align=\"center\">3 min<\/td>\n            <td align=\"center\">\u20ac1.49<\/td>\n            <td align=\"center\">21<\/td>\n            <td align=\"center\">9<\/td>\n            <td align=\"center\">5<\/td>\n            <td align=\"center\">6<\/td>\n            <td align=\"center\">1350<\/td>\n        <\/tr>\n            <tr>\n            <td><a href=\"https:\/\/psnprofiles.com\/trophies\/15180-the-sheep-p\"><img\n                            src=\"https:\/\/github.com\/robiningelbrecht\/playstation-easy-platinums\/raw\/master\/assets\/thumbs\/15180.png\"\n                            alt=\"The Sheep P\" width=\"60\"><\/a><\/td>\n            <td>\n                <a href=\"https:\/\/psnprofiles.com\/trophies\/15180-the-sheep-p\">The Sheep P<\/a>\n                <kbd>PS5 \u2022 EU<\/kbd>\n            <\/td>\n            <td align=\"center\">3 min<\/td>\n            <td align=\"center\">\u20ac1.49<\/td>\n            <td align=\"center\">21<\/td>\n            <td align=\"center\">9<\/td>\n            <td align=\"center\">5<\/td>\n            <td align=\"center\">6<\/td>\n            <td align=\"center\">1350<\/td>\n        <\/tr>\n            <tr>\n            <td><a href=\"https:\/\/psnprofiles.com\/trophies\/16130-the-pigeon-p\"><img\n                            src=\"https:\/\/github.com\/robiningelbrecht\/playstation-easy-platinums\/raw\/master\/assets\/thumbs\/16130.png\"\n                            alt=\"The Pigeon P\" width=\"60\"><\/a><\/td>\n            <td>\n                <a href=\"https:\/\/psnprofiles.com\/trophies\/16130-the-pigeon-p\">The Pigeon P<\/a>\n                <kbd>PS5 \u2022 EU<\/kbd>\n            <\/td>\n            <td align=\"center\">3 min<\/td>\n            <td align=\"center\">\u20ac1.49<\/td>\n            <td align=\"center\">21<\/td>\n            <td align=\"center\">9<\/td>\n            <td align=\"center\">5<\/td>\n            <td align=\"center\">6<\/td>\n            <td align=\"center\">1350<\/td>\n        <\/tr>\n            <tr>\n            <td><a href=\"https:\/\/psnprofiles.com\/trophies\/14682-the-pig-d\"><img\n                            src=\"https:\/\/github.com\/robiningelbrecht\/playstation-easy-platinums\/raw\/master\/assets\/thumbs\/14682.png\"\n                            alt=\"The Pig D\" width=\"60\"><\/a><\/td>\n            <td>\n                <a href=\"https:\/\/psnprofiles.com\/trophies\/14682-the-pig-d\">The Pig D<\/a>\n                <kbd>PS5 \u2022 EU<\/kbd>\n            <\/td>\n            <td align=\"center\">3 min<\/td>\n            <td align=\"center\">\u20ac1.49<\/td>\n            <td align=\"center\">21<\/td>\n            <td align=\"center\">9<\/td>\n            <td align=\"center\">5<\/td>\n            <td align=\"center\">6<\/td>\n            <td align=\"center\">1350<\/td>\n        <\/tr>\n            <tr>\n            <td><a href=\"https:\/\/psnprofiles.com\/trophies\/16353-the-jumping-taco\"><img\n                            src=\"https:\/\/github.com\/robiningelbrecht\/playstation-easy-platinums\/raw\/master\/assets\/thumbs\/16353.png\"\n                            alt=\"The Jumping Taco\" width=\"60\"><\/a><\/td>\n            <td>\n                <a href=\"https:\/\/psnprofiles.com\/trophies\/16353-the-jumping-taco\">The Jumping Taco<\/a>\n                <kbd>PS5 \u2022 EU<\/kbd>\n            <\/td>\n            <td align=\"center\">3 min<\/td>\n            <td align=\"center\">\u20ac1.49<\/td>\n            <td align=\"center\">21<\/td>\n            <td align=\"center\">9<\/td>\n            <td align=\"center\">5<\/td>\n            <td align=\"center\">6<\/td>\n            <td align=\"center\">1350<\/td>\n        <\/tr>\n            <tr>\n            <td><a href=\"https:\/\/psnprofiles.com\/trophies\/16743-the-jumping-soda\"><img\n                            src=\"https:\/\/github.com\/robiningelbrecht\/playstation-easy-platinums\/raw\/master\/assets\/thumbs\/16743.png\"\n                            alt=\"The Jumping Soda\" width=\"60\"><\/a><\/td>\n            <td>\n                <a href=\"https:\/\/psnprofiles.com\/trophies\/16743-the-jumping-soda\">The Jumping Soda<\/a>\n                <kbd>PS5 \u2022 EU<\/kbd>\n            <\/td>\n            <td align=\"center\">3 min<\/td>\n            <td align=\"center\">\u20ac1.49<\/td>\n            <td align=\"center\">21<\/td>\n            <td align=\"center\">9<\/td>\n            <td align=\"center\">5<\/td>\n            <td align=\"center\">6<\/td>\n            <td align=\"center\">1350<\/td>\n        <\/tr>\n            <tr>\n            <td><a href=\"https:\/\/psnprofiles.com\/trophies\/16837-the-jumping-sandwich\"><img\n                            src=\"https:\/\/github.com\/robiningelbrecht\/playstation-easy-platinums\/raw\/master\/assets\/thumbs\/16837.png\"\n                            alt=\"The Jumping Sandwich\" width=\"60\"><\/a><\/td>\n            <td>\n                <a href=\"https:\/\/psnprofiles.com\/trophies\/16837-the-jumping-sandwich\">The Jumping Sandwich<\/a>\n                <kbd>PS5 \u2022 EU<\/kbd>\n            <\/td>\n            <td align=\"center\">3 min<\/td>\n            <td align=\"center\">\u20ac1.49<\/td>\n            <td align=\"center\">21<\/td>\n            <td align=\"center\">9<\/td>\n            <td align=\"center\">5<\/td>\n            <td align=\"center\">6<\/td>\n            <td align=\"center\">1350<\/td>\n        <\/tr>\n            <tr>\n            <td><a href=\"https:\/\/psnprofiles.com\/trophies\/16392-the-jumping-pizza\"><img\n                            src=\"https:\/\/github.com\/robiningelbrecht\/playstation-easy-platinums\/raw\/master\/assets\/thumbs\/16392.png\"\n                            alt=\"The Jumping Pizza\" width=\"60\"><\/a><\/td>\n            <td>\n                <a href=\"https:\/\/psnprofiles.com\/trophies\/16392-the-jumping-pizza\">The Jumping Pizza<\/a>\n                <kbd>PS5 \u2022 EU<\/kbd>\n            <\/td>\n            <td align=\"center\">3 min<\/td>\n            <td align=\"center\">\u20ac1.49<\/td>\n            <td align=\"center\">21<\/td>\n            <td align=\"center\">9<\/td>\n            <td align=\"center\">5<\/td>\n            <td align=\"center\">6<\/td>\n            <td align=\"center\">1350<\/td>\n        <\/tr>\n            <tr>\n            <td><a href=\"https:\/\/psnprofiles.com\/trophies\/16551-the-jumping-fries\"><img\n                            src=\"https:\/\/github.com\/robiningelbrecht\/playstation-easy-platinums\/raw\/master\/assets\/thumbs\/16551.png\"\n                            alt=\"The Jumping Fries\" width=\"60\"><\/a><\/td>\n            <td>\n                <a href=\"https:\/\/psnprofiles.com\/trophies\/16551-the-jumping-fries\">The Jumping Fries<\/a>\n                <kbd>PS5 \u2022 EU<\/kbd>\n            <\/td>\n            <td align=\"center\">3 min<\/td>\n            <td align=\"center\">\u20ac1.49<\/td>\n            <td align=\"center\">21<\/td>\n            <td align=\"center\">9<\/td>\n            <td align=\"center\">5<\/td>\n            <td align=\"center\">6<\/td>\n            <td align=\"center\">1350<\/td>\n        <\/tr>\n            <tr>\n            <td><a href=\"https:\/\/psnprofiles.com\/trophies\/16844-the-dog-k\"><img\n                            src=\"https:\/\/github.com\/robiningelbrecht\/playstation-easy-platinums\/raw\/master\/assets\/thumbs\/16844.png\"\n                            alt=\"The Dog K\" width=\"60\"><\/a><\/td>\n            <td>\n                <a href=\"https:\/\/psnprofiles.com\/trophies\/16844-the-dog-k\">The Dog K<\/a>\n                <kbd>PS5 \u2022 EU<\/kbd>\n            <\/td>\n            <td align=\"center\">3 min<\/td>\n            <td align=\"center\">\u20ac1.49<\/td>\n            <td align=\"center\">21<\/td>\n            <td align=\"center\">9<\/td>\n            <td align=\"center\">5<\/td>\n            <td align=\"center\">6<\/td>\n            <td align=\"center\">1350<\/td>\n        <\/tr>\n            <tr>\n            <td><a href=\"https:\/\/psnprofiles.com\/trophies\/15807-the-cow-g\"><img\n                            src=\"https:\/\/github.com\/robiningelbrecht\/playstation-easy-platinums\/raw\/master\/assets\/thumbs\/15807.png\"\n                            alt=\"The Cow G\" width=\"60\"><\/a><\/td>\n            <td>\n                <a href=\"https:\/\/psnprofiles.com\/trophies\/15807-the-cow-g\">The Cow G<\/a>\n                <kbd>PS5 \u2022 EU<\/kbd>\n            <\/td>\n            <td align=\"center\">3 min<\/td>\n            <td align=\"center\">\u20ac1.49<\/td>\n            <td align=\"center\">21<\/td>\n            <td align=\"center\">9<\/td>\n            <td align=\"center\">5<\/td>\n            <td align=\"center\">6<\/td>\n            <td align=\"center\">1350<\/td>\n        <\/tr>\n            <tr>\n            <td><a href=\"https:\/\/psnprofiles.com\/trophies\/15306-the-chick-c\"><img\n                            src=\"https:\/\/github.com\/robiningelbrecht\/playstation-easy-platinums\/raw\/master\/assets\/thumbs\/15306.png\"\n                            alt=\"The Chick C\" width=\"60\"><\/a><\/td>\n            <td>\n                <a href=\"https:\/\/psnprofiles.com\/trophies\/15306-the-chick-c\">The Chick C<\/a>\n                <kbd>PS5 \u2022 EU<\/kbd>\n            <\/td>\n            <td align=\"center\">3 min<\/td>\n            <td align=\"center\">\u20ac1.49<\/td>\n            <td align=\"center\">21<\/td>\n            <td align=\"center\">9<\/td>\n            <td align=\"center\">5<\/td>\n            <td align=\"center\">6<\/td>\n            <td align=\"center\">1350<\/td>\n        <\/tr>\n            <tr>\n            <td><a href=\"https:\/\/psnprofiles.com\/trophies\/16411-the-bat-d\"><img\n                            src=\"https:\/\/github.com\/robiningelbrecht\/playstation-easy-platinums\/raw\/master\/assets\/thumbs\/16411.png\"\n                            alt=\"The Bat D\" width=\"60\"><\/a><\/td>\n            <td>\n                <a href=\"https:\/\/psnprofiles.com\/trophies\/16411-the-bat-d\">The Bat D<\/a>\n                <kbd>PS5 \u2022 EU<\/kbd>\n            <\/td>\n            <td align=\"center\">3 min<\/td>\n            <td align=\"center\">\u20ac1.49<\/td>\n            <td align=\"center\">21<\/td>\n            <td align=\"center\">9<\/td>\n            <td align=\"center\">5<\/td>\n            <td align=\"center\">6<\/td>\n            <td align=\"center\">1350<\/td>\n        <\/tr>\n            <tr>\n            <td><a href=\"https:\/\/psnprofiles.com\/trophies\/16863-the-basketball-b\"><img\n                            src=\"https:\/\/github.com\/robiningelbrecht\/playstation-easy-platinums\/raw\/master\/assets\/thumbs\/16863.png\"\n                            alt=\"The Basketball B\" width=\"60\"><\/a><\/td>\n            <td>\n                <a href=\"https:\/\/psnprofiles.com\/trophies\/16863-the-basketball-b\">The Basketball B<\/a>\n                <kbd>PS5 \u2022 EU<\/kbd>\n            <\/td>\n            <td align=\"center\">3 min<\/td>\n            <td align=\"center\">\u20ac1.49<\/td>\n            <td align=\"center\">21<\/td>\n            <td align=\"center\">9<\/td>\n            <td align=\"center\">5<\/td>\n            <td align=\"center\">6<\/td>\n            <td align=\"center\">1350<\/td>\n        <\/tr>\n            <tr>\n            <td><a href=\"https:\/\/psnprofiles.com\/trophies\/16744-the-jumping-soda-turbo\"><img\n                            src=\"https:\/\/github.com\/robiningelbrecht\/playstation-easy-platinums\/raw\/master\/assets\/thumbs\/16744.png\"\n                            alt=\"The Jumping Soda: TURBO\" width=\"60\"><\/a><\/td>\n            <td>\n                <a href=\"https:\/\/psnprofiles.com\/trophies\/16744-the-jumping-soda-turbo\">The Jumping Soda: TURBO<\/a>\n                <kbd>PS5 \u2022 EU<\/kbd>\n            <\/td>\n            <td align=\"center\">1 min<\/td>\n            <td align=\"center\">\u20ac2.99<\/td>\n            <td align=\"center\">21<\/td>\n            <td align=\"center\">9<\/td>\n            <td align=\"center\">5<\/td>\n            <td align=\"center\">6<\/td>\n            <td align=\"center\">1350<\/td>\n        <\/tr>\n            <tr>\n            <td><a href=\"https:\/\/psnprofiles.com\/trophies\/16853-the-jumping-sandwich-turbo\"><img\n                            src=\"https:\/\/github.com\/robiningelbrecht\/playstation-easy-platinums\/raw\/master\/assets\/thumbs\/16853.png\"\n                            alt=\"The Jumping Sandwich: TURBO\" width=\"60\"><\/a><\/td>\n            <td>\n                <a href=\"https:\/\/psnprofiles.com\/trophies\/16853-the-jumping-sandwich-turbo\">The Jumping Sandwich: TURBO<\/a>\n                <kbd>PS5<\/kbd>\n            <\/td>\n            <td align=\"center\">1 min<\/td>\n            <td align=\"center\">$2.99<\/td>\n            <td align=\"center\">21<\/td>\n            <td align=\"center\">9<\/td>\n            <td align=\"center\">5<\/td>\n            <td align=\"center\">6<\/td>\n            <td align=\"center\">1350<\/td>\n        <\/tr>\n            <tr>\n            <td><a href=\"https:\/\/psnprofiles.com\/trophies\/16553-the-jumping-fries-turbo\"><img\n                            src=\"https:\/\/github.com\/robiningelbrecht\/playstation-easy-platinums\/raw\/master\/assets\/thumbs\/16553.png\"\n                            alt=\"The Jumping Fries: TURBO\" width=\"60\"><\/a><\/td>\n            <td>\n                <a href=\"https:\/\/psnprofiles.com\/trophies\/16553-the-jumping-fries-turbo\">The Jumping Fries: TURBO<\/a>\n                <kbd>PS5 \u2022 EU<\/kbd>\n            <\/td>\n            <td align=\"center\">1 min<\/td>\n            <td align=\"center\">\u20ac2.99<\/td>\n            <td align=\"center\">21<\/td>\n            <td align=\"center\">9<\/td>\n            <td align=\"center\">5<\/td>\n            <td align=\"center\">6<\/td>\n            <td align=\"center\">1350<\/td>\n        <\/tr>\n            <tr>\n            <td><a href=\"https:\/\/psnprofiles.com\/trophies\/16917-rainbow-advanced\"><img\n                            src=\"https:\/\/github.com\/robiningelbrecht\/playstation-easy-platinums\/raw\/master\/assets\/thumbs\/16917.png\"\n                            alt=\"Rainbow Advanced\" width=\"60\"><\/a><\/td>\n            <td>\n                <a href=\"https:\/\/psnprofiles.com\/trophies\/16917-rainbow-advanced\">Rainbow Advanced<\/a>\n                <kbd>PS5<\/kbd>\n            <\/td>\n            <td align=\"center\">1 min<\/td>\n            <td align=\"center\">$1.49<\/td>\n            <td align=\"center\">19<\/td>\n            <td align=\"center\">9<\/td>\n            <td align=\"center\">6<\/td>\n            <td align=\"center\">3<\/td>\n            <td align=\"center\">1335<\/td>\n        <\/tr>\n            <tr>\n            <td><a href=\"https:\/\/psnprofiles.com\/trophies\/16253-the-slovak-run\"><img\n                            src=\"https:\/\/github.com\/robiningelbrecht\/playstation-easy-platinums\/raw\/master\/assets\/thumbs\/16253.png\"\n                            alt=\"The Slovak Run\" width=\"60\"><\/a><\/td>\n            <td>\n                <a href=\"https:\/\/psnprofiles.com\/trophies\/16253-the-slovak-run\">The Slovak Run<\/a>\n                <kbd>PS5 \u2022 EU<\/kbd>\n            <\/td>\n            <td align=\"center\">9 min<\/td>\n            <td align=\"center\">\u20ac1.49<\/td>\n            <td align=\"center\">18<\/td>\n            <td align=\"center\">10<\/td>\n            <td align=\"center\">3<\/td>\n            <td align=\"center\">4<\/td>\n            <td align=\"center\">1350<\/td>\n        <\/tr>\n            <tr>\n            <td><a href=\"https:\/\/psnprofiles.com\/trophies\/14989-santas-workshop\"><img\n                            src=\"https:\/\/github.com\/robiningelbrecht\/playstation-easy-platinums\/raw\/master\/assets\/thumbs\/14989.png\"\n                            alt=\"Santa&#039;s Workshop\" width=\"60\"><\/a><\/td>\n            <td>\n                <a href=\"https:\/\/psnprofiles.com\/trophies\/14989-santas-workshop\">Santa&#039;s Workshop<\/a>\n                <kbd>PS5 \u2022 EU<\/kbd>\n            <\/td>\n            <td align=\"center\">6 min<\/td>\n            <td align=\"center\">\u20ac1.49<\/td>\n            <td align=\"center\">18<\/td>\n            <td align=\"center\">10<\/td>\n            <td align=\"center\">3<\/td>\n            <td align=\"center\">4<\/td>\n            <td align=\"center\">1350<\/td>\n        <\/tr>\n            <tr>\n            <td><a href=\"https:\/\/psnprofiles.com\/trophies\/16749-weben-blocks\"><img\n                            src=\"https:\/\/github.com\/robiningelbrecht\/playstation-easy-platinums\/raw\/master\/assets\/thumbs\/16749.png\"\n                            alt=\"Weben Blocks\" width=\"60\"><\/a><\/td>\n            <td>\n                <a href=\"https:\/\/psnprofiles.com\/trophies\/16749-weben-blocks\">Weben Blocks<\/a>\n                <kbd>PS5 \u2022 EU<\/kbd>\n            <\/td>\n            <td align=\"center\">3 min<\/td>\n            <td align=\"center\">\u20ac1.49<\/td>\n            <td align=\"center\">18<\/td>\n            <td align=\"center\">10<\/td>\n            <td align=\"center\">3<\/td>\n            <td align=\"center\">4<\/td>\n            <td align=\"center\">1350<\/td>\n        <\/tr>\n            <tr>\n            <td><a href=\"https:\/\/psnprofiles.com\/trophies\/16655-the-wine-story\"><img\n                            src=\"https:\/\/github.com\/robiningelbrecht\/playstation-easy-platinums\/raw\/master\/assets\/thumbs\/16655.png\"\n                            alt=\"The Wine Story\" width=\"60\"><\/a><\/td>\n            <td>\n                <a href=\"https:\/\/psnprofiles.com\/trophies\/16655-the-wine-story\">The Wine Story<\/a>\n                <kbd>PS5 \u2022 EU<\/kbd>\n            <\/td>\n            <td align=\"center\">2 min<\/td>\n            <td align=\"center\">\u20ac1.49<\/td>\n            <td align=\"center\">18<\/td>\n            <td align=\"center\">10<\/td>\n            <td align=\"center\">3<\/td>\n            <td align=\"center\">4<\/td>\n            <td align=\"center\">1350<\/td>\n        <\/tr>\n            <tr>\n            <td><a href=\"https:\/\/psnprofiles.com\/trophies\/15272-the-ketchup-story\"><img\n                            src=\"https:\/\/github.com\/robiningelbrecht\/playstation-easy-platinums\/raw\/master\/assets\/thumbs\/15272.png\"\n                            alt=\"The Ketchup Story\" width=\"60\"><\/a><\/td>\n            <td>\n                <a href=\"https:\/\/psnprofiles.com\/trophies\/15272-the-ketchup-story\">The Ketchup Story<\/a>\n                <kbd>PS5 \u2022 EU<\/kbd>\n            <\/td>\n            <td align=\"center\">2 min<\/td>\n            <td align=\"center\">\u20ac1.49<\/td>\n            <td align=\"center\">18<\/td>\n            <td align=\"center\">10<\/td>\n            <td align=\"center\">3<\/td>\n            <td align=\"center\">4<\/td>\n            <td align=\"center\">1350<\/td>\n        <\/tr>\n            <tr>\n            <td><a href=\"https:\/\/psnprofiles.com\/trophies\/16351-kruger\"><img\n                            src=\"https:\/\/github.com\/robiningelbrecht\/playstation-easy-platinums\/raw\/master\/assets\/thumbs\/16351.png\"\n                            alt=\"Kruger\" width=\"60\"><\/a><\/td>\n            <td>\n                <a href=\"https:\/\/psnprofiles.com\/trophies\/16351-kruger\">Kruger<\/a>\n                <kbd>PS5 \u2022 EU<\/kbd>\n            <\/td>\n            <td align=\"center\">5 min<\/td>\n            <td align=\"center\">\u20ac1.99<\/td>\n            <td align=\"center\">17<\/td>\n            <td align=\"center\">10<\/td>\n            <td align=\"center\">4<\/td>\n            <td align=\"center\">2<\/td>\n            <td align=\"center\">1350<\/td>\n        <\/tr>\n            <tr>\n            <td><a href=\"https:\/\/psnprofiles.com\/trophies\/16706-lump-jump\"><img\n                            src=\"https:\/\/github.com\/robiningelbrecht\/playstation-easy-platinums\/raw\/master\/assets\/thumbs\/16706.png\"\n                            alt=\"Lump Jump\" width=\"60\"><\/a><\/td>\n            <td>\n                <a href=\"https:\/\/psnprofiles.com\/trophies\/16706-lump-jump\">Lump Jump<\/a>\n                <kbd>PS5 \u2022 EU<\/kbd>\n            <\/td>\n            <td align=\"center\">3 min<\/td>\n            <td align=\"center\">\u20ac1.49<\/td>\n            <td align=\"center\">17<\/td>\n            <td align=\"center\">10<\/td>\n            <td align=\"center\">4<\/td>\n            <td align=\"center\">2<\/td>\n            <td align=\"center\">1350<\/td>\n        <\/tr>\n            <tr>\n            <td><a href=\"https:\/\/psnprofiles.com\/trophies\/14642-finger-fitness\"><img\n                            src=\"https:\/\/github.com\/robiningelbrecht\/playstation-easy-platinums\/raw\/master\/assets\/thumbs\/14642.png\"\n                            alt=\"Finger Fitness\" width=\"60\"><\/a><\/td>\n            <td>\n                <a href=\"https:\/\/psnprofiles.com\/trophies\/14642-finger-fitness\">Finger Fitness<\/a>\n                <kbd>PS5 \u2022 EU<\/kbd>\n            <\/td>\n            <td align=\"center\">16 min<\/td>\n            <td align=\"center\">\u20ac0.99<\/td>\n            <td align=\"center\">16<\/td>\n            <td align=\"center\">10<\/td>\n            <td align=\"center\">4<\/td>\n            <td align=\"center\">1<\/td>\n            <td align=\"center\">1335<\/td>\n        <\/tr>\n            <tr>\n            <td><a href=\"https:\/\/psnprofiles.com\/trophies\/15637-quick-mafs-advanced\"><img\n                            src=\"https:\/\/github.com\/robiningelbrecht\/playstation-easy-platinums\/raw\/master\/assets\/thumbs\/15637.png\"\n                            alt=\"Quick Mafs Advanced\" width=\"60\"><\/a><\/td>\n            <td>\n                <a href=\"https:\/\/psnprofiles.com\/trophies\/15637-quick-mafs-advanced\">Quick Mafs Advanced<\/a>\n                <kbd>PS5 \u2022 EU<\/kbd>\n            <\/td>\n            <td align=\"center\">1 min<\/td>\n            <td align=\"center\">\u20ac1.49<\/td>\n            <td align=\"center\">15<\/td>\n            <td align=\"center\">11<\/td>\n            <td align=\"center\">1<\/td>\n            <td align=\"center\">2<\/td>\n            <td align=\"center\">1350<\/td>\n        <\/tr>\n        <\/tbody>\n<\/table>\n<p align=\"center\">\n    \n<\/p>"
