"{\"16851\":{\"id\":\"16851\",\"title\":\"The Dog K\",\"region\":\"EU\",\"platform\":\"PS4\",\"thumbnail\":\"16851.png\",\"uri\":\"https:\\\/\\\/psnprofiles.com\\\/trophies\\\/16851-the-dog-k\",\"approximateTime\":3,\"trophiesTotal\":21,\"trophiesGold\":9,\"trophiesSilver\":5,\"trophiesBronze\":6,\"addedOn\":\"2022-07-01 20:10:04\",\"price\":{\"amount\":\"100\",\"currency\":\"EUR\"}},\"16844\":{\"id\":\"16844\",\"title\":\"The Dog K\",\"region\":\"EU\",\"platform\":\"PS5\",\"thumbnail\":\"16844.png\",\"uri\":\"https:\\\/\\\/psnprofiles.com\\\/trophies\\\/16844-the-dog-k\",\"approximateTime\":3,\"trophiesTotal\":21,\"trophiesGold\":9,\"trophiesSilver\":5,\"trophiesBronze\":6,\"addedOn\":\"2022-07-01 20:10:04\",\"price\":{\"amount\":\"100\",\"currency\":\"EUR\"}},\"16837\":{\"id\":\"16837\",\"title\":\"The Jumping Sandwich\",\"region\":null,\"platform\":\"PS5\",\"thumbnail\":\"16837.png\",\"uri\":\"https:\\\/\\\/psnprofiles.com\\\/trophies\\\/16837-the-jumping-sandwich\",\"approximateTime\":3,\"trophiesTotal\":21,\"trophiesGold\":9,\"trophiesSilver\":5,\"trophiesBronze\":6,\"addedOn\":\"2022-07-01 20:10:04\",\"price\":{\"amount\":\"100\",\"currency\":\"EUR\"}},\"16842\":{\"id\":\"16842\",\"title\":\"The Jumping Sandwich\",\"region\":null,\"platform\":\"PS4\",\"thumbnail\":\"16842.png\",\"uri\":\"https:\\\/\\\/psnprofiles.com\\\/trophies\\\/16842-the-jumping-sandwich\",\"approximateTime\":3,\"trophiesTotal\":21,\"trophiesGold\":9,\"trophiesSilver\":5,\"trophiesBronze\":6,\"addedOn\":\"2022-07-01 20:10:04\",\"price\":{\"amount\":\"100\",\"currency\":\"EUR\"}},\"16878\":{\"id\":\"16878\",\"title\":\"The Basketball B\",\"region\":\"EU\",\"platform\":\"PS4\",\"thumbnail\":\"16878.png\",\"uri\":\"https:\\\/\\\/psnprofiles.com\\\/trophies\\\/16878-the-basketball-b\",\"approximateTime\":3,\"trophiesTotal\":21,\"trophiesGold\":9,\"trophiesSilver\":5,\"trophiesBronze\":6,\"addedOn\":\"2022-07-01 20:10:04\",\"price\":{\"amount\":\"100\",\"currency\":\"EUR\"}},\"16863\":{\"id\":\"16863\",\"title\":\"The Basketball B\",\"region\":\"EU\",\"platform\":\"PS5\",\"thumbnail\":\"16863.png\",\"uri\":\"https:\\\/\\\/psnprofiles.com\\\/trophies\\\/16863-the-basketball-b\",\"approximateTime\":3,\"trophiesTotal\":21,\"trophiesGold\":9,\"trophiesSilver\":5,\"trophiesBronze\":6,\"addedOn\":\"2022-07-01 20:10:04\",\"price\":{\"amount\":\"100\",\"currency\":\"EUR\"}},\"16740\":{\"id\":\"16740\",\"title\":\"The Jumping Soda: TURBO\",\"region\":\"EU\",\"platform\":\"PS4\",\"thumbnail\":\"16740.png\",\"uri\":\"https:\\\/\\\/psnprofiles.com\\\/trophies\\\/16740-the-jumping-soda-turbo\",\"approximateTime\":1,\"trophiesTotal\":21,\"trophiesGold\":9,\"trophiesSilver\":5,\"trophiesBronze\":6,\"addedOn\":\"2022-07-01 20:10:04\",\"price\":{\"amount\":\"100\",\"currency\":\"EUR\"}},\"16744\":{\"id\":\"16744\",\"title\":\"The Jumping Soda: TURBO\",\"region\":\"EU\",\"platform\":\"PS5\",\"thumbnail\":\"16744.png\",\"uri\":\"https:\\\/\\\/psnprofiles.com\\\/trophies\\\/16744-the-jumping-soda-turbo\",\"approximateTime\":1,\"trophiesTotal\":21,\"trophiesGold\":9,\"trophiesSilver\":5,\"trophiesBronze\":6,\"addedOn\":\"2022-07-01 20:10:04\",\"price\":{\"amount\":\"100\",\"currency\":\"EUR\"}}}"
