{
    "id": "16917",
    "title": "Rainbow Advanced",
    "region": null,
    "platform": "PS5",
    "thumbnail": "16917.png",
    "uri": "https:\/\/psnprofiles.com\/trophies\/16917-rainbow-advanced",
    "approximateTime": 1,
    "trophiesTotal": 19,
    "trophiesGold": 9,
    "trophiesSilver": 6,
    "trophiesBronze": 3,
    "addedOn": "2022-07-05 07:48:54",
    "price": {
        "amount": "149",
        "currency": "USD"
    }
}
