{
    "id": "16927",
    "title": "Rainbow Advanced",
    "region": null,
    "platform": "PS4",
    "thumbnail": "16927.png",
    "uri": "https:\/\/psnprofiles.com\/trophies\/16927-rainbow-advanced",
    "approximateTime": 1,
    "trophiesTotal": 19,
    "trophiesGold": 9,
    "trophiesSilver": 6,
    "trophiesBronze": 3,
    "addedOn": "2022-07-05 07:48:54",
    "price": {
        "amount": "199",
        "currency": "USD"
    }
}
