"{\"16851\":{\"id\":\"16851\",\"title\":\"The Dog K\",\"region\":\"EU\",\"platform\":\"PS4\",\"thumbnail\":\"16851.png\",\"uri\":\"https:\\\/\\\/psnprofiles.com\\\/trophies\\\/16851-the-dog-k\",\"approximateTime\":3,\"trophiesTotal\":21,\"trophiesGold\":9,\"trophiesSilver\":5,\"trophiesBronze\":6,\"price\":{\"amount\":\"100\",\"currency\":\"EUR\"}},\"16844\":{\"id\":\"16844\",\"title\":\"The Dog K\",\"region\":\"EU\",\"platform\":\"PS5\",\"thumbnail\":\"16844.png\",\"uri\":\"https:\\\/\\\/psnprofiles.com\\\/trophies\\\/16844-the-dog-k\",\"approximateTime\":3,\"trophiesTotal\":21,\"trophiesGold\":9,\"trophiesSilver\":5,\"trophiesBronze\":6,\"price\":{\"amount\":\"100\",\"currency\":\"EUR\"}},\"16837\":{\"id\":\"16837\",\"title\":\"The Jumping Sandwich\",\"region\":null,\"platform\":\"PS5\",\"thumbnail\":\"16837.png\",\"uri\":\"https:\\\/\\\/psnprofiles.com\\\/trophies\\\/16837-the-jumping-sandwich\",\"approximateTime\":3,\"trophiesTotal\":21,\"trophiesGold\":9,\"trophiesSilver\":5,\"trophiesBronze\":6,\"price\":{\"amount\":\"100\",\"currency\":\"EUR\"}},\"16842\":{\"id\":\"16842\",\"title\":\"The Jumping Sandwich\",\"region\":null,\"platform\":\"PS4\",\"thumbnail\":\"16842.png\",\"uri\":\"https:\\\/\\\/psnprofiles.com\\\/trophies\\\/16842-the-jumping-sandwich\",\"approximateTime\":3,\"trophiesTotal\":21,\"trophiesGold\":9,\"trophiesSilver\":5,\"trophiesBronze\":6,\"price\":{\"amount\":\"100\",\"currency\":\"EUR\"}},\"16878\":{\"id\":\"16878\",\"title\":\"The Basketball B\",\"region\":\"EU\",\"platform\":\"PS4\",\"thumbnail\":\"16878.png\",\"uri\":\"https:\\\/\\\/psnprofiles.com\\\/trophies\\\/16878-the-basketball-b\",\"approximateTime\":3,\"trophiesTotal\":21,\"trophiesGold\":9,\"trophiesSilver\":5,\"trophiesBronze\":6,\"price\":{\"amount\":\"100\",\"currency\":\"EUR\"}},\"16863\":{\"id\":\"16863\",\"title\":\"The Basketball B\",\"region\":\"EU\",\"platform\":\"PS5\",\"thumbnail\":\"16863.png\",\"uri\":\"https:\\\/\\\/psnprofiles.com\\\/trophies\\\/16863-the-basketball-b\",\"approximateTime\":3,\"trophiesTotal\":21,\"trophiesGold\":9,\"trophiesSilver\":5,\"trophiesBronze\":6,\"price\":{\"amount\":\"100\",\"currency\":\"EUR\"}},\"16740\":{\"id\":\"16740\",\"title\":\"The Jumping Soda: TURBO\",\"region\":\"EU\",\"platform\":\"PS4\",\"thumbnail\":\"16740.png\",\"uri\":\"https:\\\/\\\/psnprofiles.com\\\/trophies\\\/16740-the-jumping-soda-turbo\",\"approximateTime\":1,\"trophiesTotal\":21,\"trophiesGold\":9,\"trophiesSilver\":5,\"trophiesBronze\":6,\"price\":{\"amount\":\"100\",\"currency\":\"EUR\"}},\"16744\":{\"id\":\"16744\",\"title\":\"The Jumping Soda: TURBO\",\"region\":\"EU\",\"platform\":\"PS5\",\"thumbnail\":\"16744.png\",\"uri\":\"https:\\\/\\\/psnprofiles.com\\\/trophies\\\/16744-the-jumping-soda-turbo\",\"approximateTime\":1,\"trophiesTotal\":21,\"trophiesGold\":9,\"trophiesSilver\":5,\"trophiesBronze\":6,\"price\":{\"amount\":\"100\",\"currency\":\"EUR\"}},\"16818\":{\"id\":\"16818\",\"title\":\"The Jumping Soda\",\"region\":\"EU\",\"platform\":\"PS4\",\"thumbnail\":\"16818.png\",\"uri\":\"https:\\\/\\\/psnprofiles.com\\\/trophies\\\/16818-the-jumping-soda\",\"approximateTime\":3,\"trophiesTotal\":21,\"trophiesGold\":9,\"trophiesSilver\":5,\"trophiesBronze\":6,\"price\":{\"amount\":\"100\",\"currency\":\"EUR\"}},\"16743\":{\"id\":\"16743\",\"title\":\"The Jumping Soda\",\"region\":\"EU\",\"platform\":\"PS5\",\"thumbnail\":\"16743.png\",\"uri\":\"https:\\\/\\\/psnprofiles.com\\\/trophies\\\/16743-the-jumping-soda\",\"approximateTime\":3,\"trophiesTotal\":21,\"trophiesGold\":9,\"trophiesSilver\":5,\"trophiesBronze\":6,\"price\":{\"amount\":\"100\",\"currency\":\"EUR\"}},\"16790\":{\"id\":\"16790\",\"title\":\"Cyber Engine\",\"region\":\"EU\",\"platform\":\"PS4\",\"thumbnail\":\"16790.png\",\"uri\":\"https:\\\/\\\/psnprofiles.com\\\/trophies\\\/16790-cyber-engine\",\"approximateTime\":4,\"trophiesTotal\":22,\"trophiesGold\":7,\"trophiesSilver\":14,\"trophiesBronze\":0,\"price\":{\"amount\":\"100\",\"currency\":\"EUR\"}},\"16831\":{\"id\":\"16831\",\"title\":\"The Bronze Age\",\"region\":\"EU\",\"platform\":\"PS4\",\"thumbnail\":\"16831.png\",\"uri\":\"https:\\\/\\\/psnprofiles.com\\\/trophies\\\/16831-the-bronze-age\",\"approximateTime\":2,\"trophiesTotal\":66,\"trophiesGold\":1,\"trophiesSilver\":0,\"trophiesBronze\":64,\"price\":{\"amount\":\"100\",\"currency\":\"EUR\"}},\"16805\":{\"id\":\"16805\",\"title\":\"The Bronze Age\",\"region\":\"EU\",\"platform\":\"PS5\",\"thumbnail\":\"16805.png\",\"uri\":\"https:\\\/\\\/psnprofiles.com\\\/trophies\\\/16805-the-bronze-age\",\"approximateTime\":3,\"trophiesTotal\":66,\"trophiesGold\":1,\"trophiesSilver\":0,\"trophiesBronze\":64,\"price\":{\"amount\":\"100\",\"currency\":\"EUR\"}},\"16815\":{\"id\":\"16815\",\"title\":\"Space Explorers: Red Planet\",\"region\":\"EU\",\"platform\":\"PS4\",\"thumbnail\":\"16815.png\",\"uri\":\"https:\\\/\\\/psnprofiles.com\\\/trophies\\\/16815-space-explorers-red-planet\",\"approximateTime\":9,\"trophiesTotal\":21,\"trophiesGold\":8,\"trophiesSilver\":6,\"trophiesBronze\":6,\"price\":{\"amount\":\"100\",\"currency\":\"EUR\"}},\"16749\":{\"id\":\"16749\",\"title\":\"Weben Blocks\",\"region\":\"EU\",\"platform\":\"PS5\",\"thumbnail\":\"16749.png\",\"uri\":\"https:\\\/\\\/psnprofiles.com\\\/trophies\\\/16749-weben-blocks\",\"approximateTime\":3,\"trophiesTotal\":18,\"trophiesGold\":10,\"trophiesSilver\":3,\"trophiesBronze\":4,\"price\":{\"amount\":\"100\",\"currency\":\"EUR\"}},\"16763\":{\"id\":\"16763\",\"title\":\"Weben Blocks\",\"region\":\"EU\",\"platform\":\"PS4\",\"thumbnail\":\"16763.png\",\"uri\":\"https:\\\/\\\/psnprofiles.com\\\/trophies\\\/16763-weben-blocks\",\"approximateTime\":3,\"trophiesTotal\":18,\"trophiesGold\":10,\"trophiesSilver\":3,\"trophiesBronze\":4,\"price\":{\"amount\":\"100\",\"currency\":\"EUR\"}},\"16720\":{\"id\":\"16720\",\"title\":\"Burger Fun\",\"region\":\"EU\",\"platform\":\"PS4\",\"thumbnail\":\"16720.png\",\"uri\":\"https:\\\/\\\/psnprofiles.com\\\/trophies\\\/16720-burger-fun\",\"approximateTime\":1,\"trophiesTotal\":12,\"trophiesGold\":11,\"trophiesSilver\":0,\"trophiesBronze\":0,\"price\":{\"amount\":\"100\",\"currency\":\"EUR\"}},\"16735\":{\"id\":\"16735\",\"title\":\"The Spidy D\",\"region\":\"EU\",\"platform\":\"PS4\",\"thumbnail\":\"16735.png\",\"uri\":\"https:\\\/\\\/psnprofiles.com\\\/trophies\\\/16735-the-spidy-d\",\"approximateTime\":3,\"trophiesTotal\":21,\"trophiesGold\":9,\"trophiesSilver\":5,\"trophiesBronze\":6,\"price\":{\"amount\":\"100\",\"currency\":\"EUR\"}},\"16704\":{\"id\":\"16704\",\"title\":\"The Spidy D\",\"region\":\"EU\",\"platform\":\"PS5\",\"thumbnail\":\"16704.png\",\"uri\":\"https:\\\/\\\/psnprofiles.com\\\/trophies\\\/16704-the-spidy-d\",\"approximateTime\":3,\"trophiesTotal\":21,\"trophiesGold\":9,\"trophiesSilver\":5,\"trophiesBronze\":6,\"price\":{\"amount\":\"100\",\"currency\":\"EUR\"}},\"16706\":{\"id\":\"16706\",\"title\":\"Lump Jump\",\"region\":\"EU\",\"platform\":\"PS5\",\"thumbnail\":\"16706.png\",\"uri\":\"https:\\\/\\\/psnprofiles.com\\\/trophies\\\/16706-lump-jump\",\"approximateTime\":3,\"trophiesTotal\":17,\"trophiesGold\":10,\"trophiesSilver\":4,\"trophiesBronze\":2,\"price\":{\"amount\":\"100\",\"currency\":\"EUR\"}},\"16705\":{\"id\":\"16705\",\"title\":\"Lump Jump\",\"region\":\"EU\",\"platform\":\"PS4\",\"thumbnail\":\"16705.png\",\"uri\":\"https:\\\/\\\/psnprofiles.com\\\/trophies\\\/16705-lump-jump\",\"approximateTime\":3,\"trophiesTotal\":17,\"trophiesGold\":10,\"trophiesSilver\":4,\"trophiesBronze\":2,\"price\":{\"amount\":\"100\",\"currency\":\"EUR\"}},\"16623\":{\"id\":\"16623\",\"title\":\"The Jumping Hot Dog\",\"region\":\"EU\",\"platform\":\"PS5\",\"thumbnail\":\"16623.png\",\"uri\":\"https:\\\/\\\/psnprofiles.com\\\/trophies\\\/16623-the-jumping-hot-dog\",\"approximateTime\":4,\"trophiesTotal\":21,\"trophiesGold\":9,\"trophiesSilver\":5,\"trophiesBronze\":6,\"price\":{\"amount\":\"100\",\"currency\":\"EUR\"}},\"16645\":{\"id\":\"16645\",\"title\":\"The Jumping Hot Dog\",\"region\":\"EU\",\"platform\":\"PS4\",\"thumbnail\":\"16645.png\",\"uri\":\"https:\\\/\\\/psnprofiles.com\\\/trophies\\\/16645-the-jumping-hot-dog\",\"approximateTime\":3,\"trophiesTotal\":21,\"trophiesGold\":9,\"trophiesSilver\":5,\"trophiesBronze\":6,\"price\":{\"amount\":\"100\",\"currency\":\"EUR\"}},\"16655\":{\"id\":\"16655\",\"title\":\"The Wine Story\",\"region\":\"EU\",\"platform\":\"PS5\",\"thumbnail\":\"16655.png\",\"uri\":\"https:\\\/\\\/psnprofiles.com\\\/trophies\\\/16655-the-wine-story\",\"approximateTime\":2,\"trophiesTotal\":18,\"trophiesGold\":10,\"trophiesSilver\":3,\"trophiesBronze\":4,\"price\":{\"amount\":\"100\",\"currency\":\"EUR\"}},\"16671\":{\"id\":\"16671\",\"title\":\"The Wine Story\",\"region\":\"EU\",\"platform\":\"PS4\",\"thumbnail\":\"16671.png\",\"uri\":\"https:\\\/\\\/psnprofiles.com\\\/trophies\\\/16671-the-wine-story\",\"approximateTime\":3,\"trophiesTotal\":18,\"trophiesGold\":10,\"trophiesSilver\":3,\"trophiesBronze\":4,\"price\":{\"amount\":\"100\",\"currency\":\"EUR\"}},\"16664\":{\"id\":\"16664\",\"title\":\"Softball: Breakthrough Gaming Arcade\",\"region\":\"EU\",\"platform\":\"PS4\",\"thumbnail\":\"16664.png\",\"uri\":\"https:\\\/\\\/psnprofiles.com\\\/trophies\\\/16664-softball-breakthrough-gaming-arcade\",\"approximateTime\":2,\"trophiesTotal\":12,\"trophiesGold\":11,\"trophiesSilver\":0,\"trophiesBronze\":0,\"price\":{\"amount\":\"100\",\"currency\":\"EUR\"}},\"16551\":{\"id\":\"16551\",\"title\":\"The Jumping Fries\",\"region\":\"EU\",\"platform\":\"PS5\",\"thumbnail\":\"16551.png\",\"uri\":\"https:\\\/\\\/psnprofiles.com\\\/trophies\\\/16551-the-jumping-fries\",\"approximateTime\":3,\"trophiesTotal\":21,\"trophiesGold\":9,\"trophiesSilver\":5,\"trophiesBronze\":6,\"price\":{\"amount\":\"100\",\"currency\":\"EUR\"}},\"16556\":{\"id\":\"16556\",\"title\":\"The Jumping Fries\",\"region\":\"EU\",\"platform\":\"PS4\",\"thumbnail\":\"16556.png\",\"uri\":\"https:\\\/\\\/psnprofiles.com\\\/trophies\\\/16556-the-jumping-fries\",\"approximateTime\":3,\"trophiesTotal\":21,\"trophiesGold\":9,\"trophiesSilver\":5,\"trophiesBronze\":6,\"price\":{\"amount\":\"100\",\"currency\":\"EUR\"}},\"16557\":{\"id\":\"16557\",\"title\":\"The Jumping Fries: TURBO\",\"region\":\"EU\",\"platform\":\"PS4\",\"thumbnail\":\"16557.png\",\"uri\":\"https:\\\/\\\/psnprofiles.com\\\/trophies\\\/16557-the-jumping-fries-turbo\",\"approximateTime\":1,\"trophiesTotal\":21,\"trophiesGold\":9,\"trophiesSilver\":5,\"trophiesBronze\":6,\"price\":{\"amount\":\"100\",\"currency\":\"EUR\"}},\"16553\":{\"id\":\"16553\",\"title\":\"The Jumping Fries: TURBO\",\"region\":\"EU\",\"platform\":\"PS5\",\"thumbnail\":\"16553.png\",\"uri\":\"https:\\\/\\\/psnprofiles.com\\\/trophies\\\/16553-the-jumping-fries-turbo\",\"approximateTime\":1,\"trophiesTotal\":21,\"trophiesGold\":9,\"trophiesSilver\":5,\"trophiesBronze\":6,\"price\":{\"amount\":\"100\",\"currency\":\"EUR\"}},\"16575\":{\"id\":\"16575\",\"title\":\"Basketball: Breakthrough Gaming Arcade\",\"region\":\"EU\",\"platform\":\"PS4\",\"thumbnail\":\"16575.png\",\"uri\":\"https:\\\/\\\/psnprofiles.com\\\/trophies\\\/16575-basketball-breakthrough-gaming-arcade\",\"approximateTime\":1,\"trophiesTotal\":12,\"trophiesGold\":11,\"trophiesSilver\":0,\"trophiesBronze\":0,\"price\":{\"amount\":\"100\",\"currency\":\"EUR\"}},\"16392\":{\"id\":\"16392\",\"title\":\"The Jumping Pizza\",\"region\":\"EU\",\"platform\":\"PS5\",\"thumbnail\":\"16392.png\",\"uri\":\"https:\\\/\\\/psnprofiles.com\\\/trophies\\\/16392-the-jumping-pizza\",\"approximateTime\":3,\"trophiesTotal\":21,\"trophiesGold\":9,\"trophiesSilver\":5,\"trophiesBronze\":6,\"price\":{\"amount\":\"100\",\"currency\":\"EUR\"}},\"16419\":{\"id\":\"16419\",\"title\":\"The Jumping Pizza\",\"region\":\"EU\",\"platform\":\"PS4\",\"thumbnail\":\"16419.png\",\"uri\":\"https:\\\/\\\/psnprofiles.com\\\/trophies\\\/16419-the-jumping-pizza\",\"approximateTime\":3,\"trophiesTotal\":21,\"trophiesGold\":9,\"trophiesSilver\":5,\"trophiesBronze\":6,\"price\":{\"amount\":\"100\",\"currency\":\"EUR\"}},\"16411\":{\"id\":\"16411\",\"title\":\"The Bat D\",\"region\":\"EU\",\"platform\":\"PS5\",\"thumbnail\":\"16411.png\",\"uri\":\"https:\\\/\\\/psnprofiles.com\\\/trophies\\\/16411-the-bat-d\",\"approximateTime\":3,\"trophiesTotal\":21,\"trophiesGold\":9,\"trophiesSilver\":5,\"trophiesBronze\":6,\"price\":{\"amount\":\"100\",\"currency\":\"EUR\"}},\"16421\":{\"id\":\"16421\",\"title\":\"The Bat D\",\"region\":\"EU\",\"platform\":\"PS4\",\"thumbnail\":\"16421.png\",\"uri\":\"https:\\\/\\\/psnprofiles.com\\\/trophies\\\/16421-the-bat-d\",\"approximateTime\":4,\"trophiesTotal\":21,\"trophiesGold\":9,\"trophiesSilver\":5,\"trophiesBronze\":6,\"price\":{\"amount\":\"100\",\"currency\":\"EUR\"}},\"16353\":{\"id\":\"16353\",\"title\":\"The Jumping Taco\",\"region\":\"EU\",\"platform\":\"PS5\",\"thumbnail\":\"16353.png\",\"uri\":\"https:\\\/\\\/psnprofiles.com\\\/trophies\\\/16353-the-jumping-taco\",\"approximateTime\":3,\"trophiesTotal\":21,\"trophiesGold\":9,\"trophiesSilver\":5,\"trophiesBronze\":6,\"price\":{\"amount\":\"100\",\"currency\":\"EUR\"}},\"16379\":{\"id\":\"16379\",\"title\":\"The Jumping Taco\",\"region\":\"EU\",\"platform\":\"PS4\",\"thumbnail\":\"16379.png\",\"uri\":\"https:\\\/\\\/psnprofiles.com\\\/trophies\\\/16379-the-jumping-taco\",\"approximateTime\":3,\"trophiesTotal\":21,\"trophiesGold\":9,\"trophiesSilver\":5,\"trophiesBronze\":6,\"price\":{\"amount\":\"100\",\"currency\":\"EUR\"}},\"16351\":{\"id\":\"16351\",\"title\":\"Kruger\",\"region\":\"EU\",\"platform\":\"PS5\",\"thumbnail\":\"16351.png\",\"uri\":\"https:\\\/\\\/psnprofiles.com\\\/trophies\\\/16351-kruger\",\"approximateTime\":5,\"trophiesTotal\":17,\"trophiesGold\":10,\"trophiesSilver\":4,\"trophiesBronze\":2,\"price\":{\"amount\":\"100\",\"currency\":\"EUR\"}},\"16438\":{\"id\":\"16438\",\"title\":\"Kruger\",\"region\":\"EU\",\"platform\":\"PS4\",\"thumbnail\":\"16438.png\",\"uri\":\"https:\\\/\\\/psnprofiles.com\\\/trophies\\\/16438-kruger\",\"approximateTime\":5,\"trophiesTotal\":17,\"trophiesGold\":10,\"trophiesSilver\":4,\"trophiesBronze\":2,\"price\":{\"amount\":\"100\",\"currency\":\"EUR\"}},\"16342\":{\"id\":\"16342\",\"title\":\"Steam Engine\",\"region\":\"EU\",\"platform\":\"PS4\",\"thumbnail\":\"16342.png\",\"uri\":\"https:\\\/\\\/psnprofiles.com\\\/trophies\\\/16342-steam-engine\",\"approximateTime\":16,\"trophiesTotal\":22,\"trophiesGold\":7,\"trophiesSilver\":14,\"trophiesBronze\":0,\"price\":{\"amount\":\"100\",\"currency\":\"EUR\"}},\"16340\":{\"id\":\"16340\",\"title\":\"The Jumping Burger\",\"region\":\"EU\",\"platform\":\"PS4\",\"thumbnail\":\"16340.png\",\"uri\":\"https:\\\/\\\/psnprofiles.com\\\/trophies\\\/16340-the-jumping-burger\",\"approximateTime\":6,\"trophiesTotal\":21,\"trophiesGold\":9,\"trophiesSilver\":5,\"trophiesBronze\":6,\"price\":{\"amount\":\"100\",\"currency\":\"EUR\"}},\"16270\":{\"id\":\"16270\",\"title\":\"The Jumping Burger\",\"region\":\"EU\",\"platform\":\"PS5\",\"thumbnail\":\"16270.png\",\"uri\":\"https:\\\/\\\/psnprofiles.com\\\/trophies\\\/16270-the-jumping-burger\",\"approximateTime\":6,\"trophiesTotal\":21,\"trophiesGold\":9,\"trophiesSilver\":5,\"trophiesBronze\":6,\"price\":{\"amount\":\"100\",\"currency\":\"EUR\"}},\"16343\":{\"id\":\"16343\",\"title\":\"Welcome to the World of ZJ the Ball\",\"region\":\"EU\",\"platform\":\"PS4\",\"thumbnail\":\"16343.png\",\"uri\":\"https:\\\/\\\/psnprofiles.com\\\/trophies\\\/16343-welcome-to-the-world-of-zj-the-ball\",\"approximateTime\":1,\"trophiesTotal\":12,\"trophiesGold\":11,\"trophiesSilver\":0,\"trophiesBronze\":0,\"price\":{\"amount\":\"100\",\"currency\":\"EUR\"}},\"16357\":{\"id\":\"16357\",\"title\":\"My Name is Mayo 3\",\"region\":\"EU\",\"platform\":\"PS4\",\"thumbnail\":\"16357.png\",\"uri\":\"https:\\\/\\\/psnprofiles.com\\\/trophies\\\/16357-my-name-is-mayo-3\",\"approximateTime\":60,\"trophiesTotal\":51,\"trophiesGold\":3,\"trophiesSilver\":5,\"trophiesBronze\":42,\"price\":{\"amount\":\"100\",\"currency\":\"EUR\"}},\"16263\":{\"id\":\"16263\",\"title\":\"The Slovak Run\",\"region\":\"EU\",\"platform\":\"PS4\",\"thumbnail\":\"16263.png\",\"uri\":\"https:\\\/\\\/psnprofiles.com\\\/trophies\\\/16263-the-slovak-run\",\"approximateTime\":9,\"trophiesTotal\":18,\"trophiesGold\":10,\"trophiesSilver\":3,\"trophiesBronze\":4,\"price\":{\"amount\":\"100\",\"currency\":\"EUR\"}},\"16253\":{\"id\":\"16253\",\"title\":\"The Slovak Run\",\"region\":\"EU\",\"platform\":\"PS5\",\"thumbnail\":\"16253.png\",\"uri\":\"https:\\\/\\\/psnprofiles.com\\\/trophies\\\/16253-the-slovak-run\",\"approximateTime\":9,\"trophiesTotal\":18,\"trophiesGold\":10,\"trophiesSilver\":3,\"trophiesBronze\":4,\"price\":{\"amount\":\"100\",\"currency\":\"EUR\"}},\"16260\":{\"id\":\"16260\",\"title\":\"Get to the Top 2: Breakthrough Gaming Arcade\",\"region\":\"EU\",\"platform\":\"PS4\",\"thumbnail\":\"16260.png\",\"uri\":\"https:\\\/\\\/psnprofiles.com\\\/trophies\\\/16260-get-to-the-top-2-breakthrough-gaming-arcade\",\"approximateTime\":6,\"trophiesTotal\":12,\"trophiesGold\":11,\"trophiesSilver\":0,\"trophiesBronze\":0,\"price\":{\"amount\":\"100\",\"currency\":\"EUR\"}},\"16202\":{\"id\":\"16202\",\"title\":\"Rock Paper Scissors: Breakthrough Gaming Arcade\",\"region\":\"EU\",\"platform\":\"PS4\",\"thumbnail\":\"16202.png\",\"uri\":\"https:\\\/\\\/psnprofiles.com\\\/trophies\\\/16202-rock-paper-scissors-breakthrough-gaming-arcade\",\"approximateTime\":3,\"trophiesTotal\":12,\"trophiesGold\":11,\"trophiesSilver\":0,\"trophiesBronze\":0,\"price\":{\"amount\":\"100\",\"currency\":\"EUR\"}},\"16043\":{\"id\":\"16043\",\"title\":\"Lent's Adventure (Story One) - Lent: The Easter Bunny\",\"region\":\"EU\",\"platform\":\"PS4\",\"thumbnail\":\"16043.png\",\"uri\":\"https:\\\/\\\/psnprofiles.com\\\/trophies\\\/16043-lents-adventure-story-one-lent-the-easter-bunny\",\"approximateTime\":2,\"trophiesTotal\":12,\"trophiesGold\":11,\"trophiesSilver\":0,\"trophiesBronze\":0,\"price\":{\"amount\":\"100\",\"currency\":\"EUR\"}},\"16056\":{\"id\":\"16056\",\"title\":\"Rainbow\",\"region\":\"EU\",\"platform\":\"PS4\",\"thumbnail\":\"16056.png\",\"uri\":\"https:\\\/\\\/psnprofiles.com\\\/trophies\\\/16056-rainbow\",\"approximateTime\":2,\"trophiesTotal\":19,\"trophiesGold\":9,\"trophiesSilver\":6,\"trophiesBronze\":3,\"price\":{\"amount\":\"100\",\"currency\":\"EUR\"}},\"16130\":{\"id\":\"16130\",\"title\":\"The Pigeon P\",\"region\":\"EU\",\"platform\":\"PS5\",\"thumbnail\":\"16130.png\",\"uri\":\"https:\\\/\\\/psnprofiles.com\\\/trophies\\\/16130-the-pigeon-p\",\"approximateTime\":3,\"trophiesTotal\":21,\"trophiesGold\":9,\"trophiesSilver\":5,\"trophiesBronze\":6,\"price\":{\"amount\":\"100\",\"currency\":\"EUR\"}},\"16135\":{\"id\":\"16135\",\"title\":\"The Pigeon P\",\"region\":\"EU\",\"platform\":\"PS4\",\"thumbnail\":\"16135.png\",\"uri\":\"https:\\\/\\\/psnprofiles.com\\\/trophies\\\/16135-the-pigeon-p\",\"approximateTime\":3,\"trophiesTotal\":21,\"trophiesGold\":9,\"trophiesSilver\":5,\"trophiesBronze\":6,\"price\":{\"amount\":\"100\",\"currency\":\"EUR\"}},\"15986\":{\"id\":\"15986\",\"title\":\"Ice Hockey: Breakthrough Gaming Arcade\",\"region\":\"EU\",\"platform\":\"PS4\",\"thumbnail\":\"15986.png\",\"uri\":\"https:\\\/\\\/psnprofiles.com\\\/trophies\\\/15986-ice-hockey-breakthrough-gaming-arcade\",\"approximateTime\":3,\"trophiesTotal\":12,\"trophiesGold\":11,\"trophiesSilver\":0,\"trophiesBronze\":0,\"price\":{\"amount\":\"100\",\"currency\":\"EUR\"}},\"15927\":{\"id\":\"15927\",\"title\":\"Soccer: Breakthrough Gaming Arcade\",\"region\":\"EU\",\"platform\":\"PS4\",\"thumbnail\":\"15927.png\",\"uri\":\"https:\\\/\\\/psnprofiles.com\\\/trophies\\\/15927-soccer-breakthrough-gaming-arcade\",\"approximateTime\":2,\"trophiesTotal\":12,\"trophiesGold\":11,\"trophiesSilver\":0,\"trophiesBronze\":0,\"price\":{\"amount\":\"100\",\"currency\":\"EUR\"}},\"15807\":{\"id\":\"15807\",\"title\":\"The Cow G\",\"region\":\"EU\",\"platform\":\"PS5\",\"thumbnail\":\"15807.png\",\"uri\":\"https:\\\/\\\/psnprofiles.com\\\/trophies\\\/15807-the-cow-g\",\"approximateTime\":3,\"trophiesTotal\":21,\"trophiesGold\":9,\"trophiesSilver\":5,\"trophiesBronze\":6,\"price\":{\"amount\":\"100\",\"currency\":\"EUR\"}},\"15832\":{\"id\":\"15832\",\"title\":\"The Cow G\",\"region\":\"EU\",\"platform\":\"PS4\",\"thumbnail\":\"15832.png\",\"uri\":\"https:\\\/\\\/psnprofiles.com\\\/trophies\\\/15832-the-cow-g\",\"approximateTime\":3,\"trophiesTotal\":21,\"trophiesGold\":9,\"trophiesSilver\":5,\"trophiesBronze\":6,\"price\":{\"amount\":\"100\",\"currency\":\"EUR\"}},\"15675\":{\"id\":\"15675\",\"title\":\"Radioactive Dwarfs: Evil From the Sewers\",\"region\":\"EU\",\"platform\":\"PS4\",\"thumbnail\":\"15675.png\",\"uri\":\"https:\\\/\\\/psnprofiles.com\\\/trophies\\\/15675-radioactive-dwarfs-evil-from-the-sewers\",\"approximateTime\":1,\"trophiesTotal\":16,\"trophiesGold\":10,\"trophiesSilver\":4,\"trophiesBronze\":1,\"price\":{\"amount\":\"100\",\"currency\":\"EUR\"}},\"15637\":{\"id\":\"15637\",\"title\":\"Quick Mafs Advanced\",\"region\":\"EU\",\"platform\":\"PS5\",\"thumbnail\":\"15637.png\",\"uri\":\"https:\\\/\\\/psnprofiles.com\\\/trophies\\\/15637-quick-mafs-advanced\",\"approximateTime\":1,\"trophiesTotal\":15,\"trophiesGold\":11,\"trophiesSilver\":1,\"trophiesBronze\":2,\"price\":{\"amount\":\"100\",\"currency\":\"EUR\"}},\"9850\":{\"id\":\"9850\",\"title\":\"Deep Space Rush\",\"region\":\"EU\",\"platform\":\"PS4\",\"thumbnail\":\"9850.png\",\"uri\":\"https:\\\/\\\/psnprofiles.com\\\/trophies\\\/9850-deep-space-rush\",\"approximateTime\":18,\"trophiesTotal\":17,\"trophiesGold\":10,\"trophiesSilver\":4,\"trophiesBronze\":2,\"price\":{\"amount\":\"100\",\"currency\":\"EUR\"}},\"15597\":{\"id\":\"15597\",\"title\":\"Disco Cannon Airlines\",\"region\":\"EU\",\"platform\":\"PS4\",\"thumbnail\":\"15597.png\",\"uri\":\"https:\\\/\\\/psnprofiles.com\\\/trophies\\\/15597-disco-cannon-airlines\",\"approximateTime\":9,\"trophiesTotal\":22,\"trophiesGold\":7,\"trophiesSilver\":14,\"trophiesBronze\":0,\"price\":{\"amount\":\"100\",\"currency\":\"EUR\"}},\"15537\":{\"id\":\"15537\",\"title\":\"The Chick C\",\"region\":\"EU\",\"platform\":\"PS4\",\"thumbnail\":\"15537.png\",\"uri\":\"https:\\\/\\\/psnprofiles.com\\\/trophies\\\/15537-the-chick-c\",\"approximateTime\":3,\"trophiesTotal\":21,\"trophiesGold\":9,\"trophiesSilver\":5,\"trophiesBronze\":6,\"price\":{\"amount\":\"100\",\"currency\":\"EUR\"}},\"15306\":{\"id\":\"15306\",\"title\":\"The Chick C\",\"region\":\"EU\",\"platform\":\"PS5\",\"thumbnail\":\"15306.png\",\"uri\":\"https:\\\/\\\/psnprofiles.com\\\/trophies\\\/15306-the-chick-c\",\"approximateTime\":3,\"trophiesTotal\":21,\"trophiesGold\":9,\"trophiesSilver\":5,\"trophiesBronze\":6,\"price\":{\"amount\":\"100\",\"currency\":\"EUR\"}},\"15354\":{\"id\":\"15354\",\"title\":\"Pinball: Breakthrough Gaming Arcade\",\"region\":\"EU\",\"platform\":\"PS4\",\"thumbnail\":\"15354.png\",\"uri\":\"https:\\\/\\\/psnprofiles.com\\\/trophies\\\/15354-pinball-breakthrough-gaming-arcade\",\"approximateTime\":2,\"trophiesTotal\":12,\"trophiesGold\":11,\"trophiesSilver\":0,\"trophiesBronze\":0,\"price\":{\"amount\":\"100\",\"currency\":\"EUR\"}},\"15272\":{\"id\":\"15272\",\"title\":\"The Ketchup Story\",\"region\":\"EU\",\"platform\":\"PS5\",\"thumbnail\":\"15272.png\",\"uri\":\"https:\\\/\\\/psnprofiles.com\\\/trophies\\\/15272-the-ketchup-story\",\"approximateTime\":2,\"trophiesTotal\":18,\"trophiesGold\":10,\"trophiesSilver\":3,\"trophiesBronze\":4,\"price\":{\"amount\":\"100\",\"currency\":\"EUR\"}},\"15289\":{\"id\":\"15289\",\"title\":\"The Ketchup Story\",\"region\":\"EU\",\"platform\":\"PS4\",\"thumbnail\":\"15289.png\",\"uri\":\"https:\\\/\\\/psnprofiles.com\\\/trophies\\\/15289-the-ketchup-story\",\"approximateTime\":4,\"trophiesTotal\":18,\"trophiesGold\":10,\"trophiesSilver\":3,\"trophiesBronze\":4,\"price\":{\"amount\":\"100\",\"currency\":\"EUR\"}},\"15180\":{\"id\":\"15180\",\"title\":\"The Sheep P\",\"region\":\"EU\",\"platform\":\"PS5\",\"thumbnail\":\"15180.png\",\"uri\":\"https:\\\/\\\/psnprofiles.com\\\/trophies\\\/15180-the-sheep-p\",\"approximateTime\":3,\"trophiesTotal\":21,\"trophiesGold\":9,\"trophiesSilver\":5,\"trophiesBronze\":6,\"price\":{\"amount\":\"100\",\"currency\":\"EUR\"}},\"15208\":{\"id\":\"15208\",\"title\":\"The Sheep P\",\"region\":\"EU\",\"platform\":\"PS4\",\"thumbnail\":\"15208.png\",\"uri\":\"https:\\\/\\\/psnprofiles.com\\\/trophies\\\/15208-the-sheep-p\",\"approximateTime\":3,\"trophiesTotal\":21,\"trophiesGold\":9,\"trophiesSilver\":5,\"trophiesBronze\":6,\"price\":{\"amount\":\"100\",\"currency\":\"EUR\"}},\"15065\":{\"id\":\"15065\",\"title\":\"ZJ the Ball Challenge: Level 3C\",\"region\":\"EU\",\"platform\":\"PS4\",\"thumbnail\":\"15065.png\",\"uri\":\"https:\\\/\\\/psnprofiles.com\\\/trophies\\\/15065-zj-the-ball-challenge-level-3c\",\"approximateTime\":5,\"trophiesTotal\":12,\"trophiesGold\":11,\"trophiesSilver\":0,\"trophiesBronze\":0,\"price\":{\"amount\":\"100\",\"currency\":\"EUR\"}},\"15039\":{\"id\":\"15039\",\"title\":\"Zippy the Circle Challenge: Level 1C & 2C\",\"region\":\"EU\",\"platform\":\"PS4\",\"thumbnail\":\"15039.png\",\"uri\":\"https:\\\/\\\/psnprofiles.com\\\/trophies\\\/15039-zippy-the-circle-challenge-level-1c-2c\",\"approximateTime\":7,\"trophiesTotal\":12,\"trophiesGold\":11,\"trophiesSilver\":0,\"trophiesBronze\":0,\"price\":{\"amount\":\"100\",\"currency\":\"EUR\"}},\"15038\":{\"id\":\"15038\",\"title\":\"ZJ the Ball Challenge: Level 2C\",\"region\":\"EU\",\"platform\":\"PS4\",\"thumbnail\":\"15038.png\",\"uri\":\"https:\\\/\\\/psnprofiles.com\\\/trophies\\\/15038-zj-the-ball-challenge-level-2c\",\"approximateTime\":5,\"trophiesTotal\":12,\"trophiesGold\":11,\"trophiesSilver\":0,\"trophiesBronze\":0,\"price\":{\"amount\":\"100\",\"currency\":\"EUR\"}},\"14989\":{\"id\":\"14989\",\"title\":\"Santa's Workshop\",\"region\":\"EU\",\"platform\":\"PS5\",\"thumbnail\":\"14989.png\",\"uri\":\"https:\\\/\\\/psnprofiles.com\\\/trophies\\\/14989-santas-workshop\",\"approximateTime\":6,\"trophiesTotal\":18,\"trophiesGold\":10,\"trophiesSilver\":3,\"trophiesBronze\":4,\"price\":{\"amount\":\"100\",\"currency\":\"EUR\"}},\"14992\":{\"id\":\"14992\",\"title\":\"ZJ the Ball Challenge: Level 1C\",\"region\":\"EU\",\"platform\":\"PS4\",\"thumbnail\":\"14992.png\",\"uri\":\"https:\\\/\\\/psnprofiles.com\\\/trophies\\\/14992-zj-the-ball-challenge-level-1c\",\"approximateTime\":9,\"trophiesTotal\":12,\"trophiesGold\":11,\"trophiesSilver\":0,\"trophiesBronze\":0,\"price\":{\"amount\":\"100\",\"currency\":\"EUR\"}},\"13162\":{\"id\":\"13162\",\"title\":\"Catch the Bowling Balls: Breakthrough Gaming Arcade\",\"region\":\"EU\",\"platform\":\"PS4\",\"thumbnail\":\"13162.png\",\"uri\":\"https:\\\/\\\/psnprofiles.com\\\/trophies\\\/13162-catch-the-bowling-balls-breakthrough-gaming-arcade\",\"approximateTime\":4,\"trophiesTotal\":12,\"trophiesGold\":11,\"trophiesSilver\":0,\"trophiesBronze\":0,\"price\":{\"amount\":\"100\",\"currency\":\"EUR\"}},\"14925\":{\"id\":\"14925\",\"title\":\"Catch the Bowling Balls (Challenge Mode Edition): Breakthrough Gaming Arcade\",\"region\":\"EU\",\"platform\":\"PS4\",\"thumbnail\":\"14925.png\",\"uri\":\"https:\\\/\\\/psnprofiles.com\\\/trophies\\\/14925-catch-the-bowling-balls-challenge-mode-edition-breakthrough-gaming-arcade\",\"approximateTime\":2,\"trophiesTotal\":12,\"trophiesGold\":11,\"trophiesSilver\":0,\"trophiesBronze\":0,\"price\":{\"amount\":\"100\",\"currency\":\"EUR\"}},\"14871\":{\"id\":\"14871\",\"title\":\"Racing (Challenge Mode Edition): Breakthrough Gaming Arcade\",\"region\":\"EU\",\"platform\":\"PS4\",\"thumbnail\":\"14871.png\",\"uri\":\"https:\\\/\\\/psnprofiles.com\\\/trophies\\\/14871-racing-challenge-mode-edition-breakthrough-gaming-arcade\",\"approximateTime\":1,\"trophiesTotal\":12,\"trophiesGold\":11,\"trophiesSilver\":0,\"trophiesBronze\":0,\"price\":{\"amount\":\"100\",\"currency\":\"EUR\"}},\"14778\":{\"id\":\"14778\",\"title\":\"Avoid Them (Challenge Mode Edition): Breakthrough Gaming Arcade\",\"region\":\"EU\",\"platform\":\"PS4\",\"thumbnail\":\"14778.png\",\"uri\":\"https:\\\/\\\/psnprofiles.com\\\/trophies\\\/14778-avoid-them-challenge-mode-edition-breakthrough-gaming-arcade\",\"approximateTime\":6,\"trophiesTotal\":12,\"trophiesGold\":11,\"trophiesSilver\":0,\"trophiesBronze\":0,\"price\":{\"amount\":\"100\",\"currency\":\"EUR\"}},\"14642\":{\"id\":\"14642\",\"title\":\"Finger Fitness\",\"region\":\"EU\",\"platform\":\"PS5\",\"thumbnail\":\"14642.png\",\"uri\":\"https:\\\/\\\/psnprofiles.com\\\/trophies\\\/14642-finger-fitness\",\"approximateTime\":16,\"trophiesTotal\":16,\"trophiesGold\":10,\"trophiesSilver\":4,\"trophiesBronze\":1,\"price\":{\"amount\":\"100\",\"currency\":\"EUR\"}},\"14682\":{\"id\":\"14682\",\"title\":\"The Pig D\",\"region\":\"EU\",\"platform\":\"PS5\",\"thumbnail\":\"14682.png\",\"uri\":\"https:\\\/\\\/psnprofiles.com\\\/trophies\\\/14682-the-pig-d\",\"approximateTime\":3,\"trophiesTotal\":21,\"trophiesGold\":9,\"trophiesSilver\":5,\"trophiesBronze\":6,\"price\":{\"amount\":\"100\",\"currency\":\"EUR\"}},\"14718\":{\"id\":\"14718\",\"title\":\"The Pig D\",\"region\":\"EU\",\"platform\":\"PS4\",\"thumbnail\":\"14718.png\",\"uri\":\"https:\\\/\\\/psnprofiles.com\\\/trophies\\\/14718-the-pig-d\",\"approximateTime\":3,\"trophiesTotal\":21,\"trophiesGold\":9,\"trophiesSilver\":5,\"trophiesBronze\":6,\"price\":{\"amount\":\"100\",\"currency\":\"EUR\"}},\"14566\":{\"id\":\"14566\",\"title\":\"Bowling: Breakthrough Gaming Arcade\",\"region\":\"EU\",\"platform\":\"PS4\",\"thumbnail\":\"14566.png\",\"uri\":\"https:\\\/\\\/psnprofiles.com\\\/trophies\\\/14566-bowling-breakthrough-gaming-arcade\",\"approximateTime\":3,\"trophiesTotal\":12,\"trophiesGold\":11,\"trophiesSilver\":0,\"trophiesBronze\":0,\"price\":{\"amount\":\"100\",\"currency\":\"EUR\"}},\"14418\":{\"id\":\"14418\",\"title\":\"Stilstand\",\"region\":\"EU\",\"platform\":\"PS4\",\"thumbnail\":\"14418.png\",\"uri\":\"https:\\\/\\\/psnprofiles.com\\\/trophies\\\/14418-stilstand\",\"approximateTime\":26,\"trophiesTotal\":12,\"trophiesGold\":11,\"trophiesSilver\":0,\"trophiesBronze\":0,\"price\":{\"amount\":\"100\",\"currency\":\"EUR\"}},\"13160\":{\"id\":\"13160\",\"title\":\"Our Church and Halloween RPG: Story Two\",\"region\":\"EU\",\"platform\":\"PS4\",\"thumbnail\":\"13160.png\",\"uri\":\"https:\\\/\\\/psnprofiles.com\\\/trophies\\\/13160-our-church-and-halloween-rpg-story-two\",\"approximateTime\":12,\"trophiesTotal\":12,\"trophiesGold\":11,\"trophiesSilver\":0,\"trophiesBronze\":0,\"price\":{\"amount\":\"100\",\"currency\":\"EUR\"}},\"14499\":{\"id\":\"14499\",\"title\":\"Our Church and Halloween RPG: Story Five (Scott Version)\",\"region\":\"EU\",\"platform\":\"PS4\",\"thumbnail\":\"14499.png\",\"uri\":\"https:\\\/\\\/psnprofiles.com\\\/trophies\\\/14499-our-church-and-halloween-rpg-story-five-scott-version\",\"approximateTime\":5,\"trophiesTotal\":12,\"trophiesGold\":11,\"trophiesSilver\":0,\"trophiesBronze\":0,\"price\":{\"amount\":\"100\",\"currency\":\"EUR\"}},\"14500\":{\"id\":\"14500\",\"title\":\"Our Church and Halloween RPG: Story Five (James Version)\",\"region\":\"EU\",\"platform\":\"PS4\",\"thumbnail\":\"14500.png\",\"uri\":\"https:\\\/\\\/psnprofiles.com\\\/trophies\\\/14500-our-church-and-halloween-rpg-story-five-james-version\",\"approximateTime\":17,\"trophiesTotal\":12,\"trophiesGold\":11,\"trophiesSilver\":0,\"trophiesBronze\":0,\"price\":{\"amount\":\"100\",\"currency\":\"EUR\"}},\"14342\":{\"id\":\"14342\",\"title\":\"Quick Mafs\",\"region\":\"EU\",\"platform\":\"PS5\",\"thumbnail\":\"14342.png\",\"uri\":\"https:\\\/\\\/psnprofiles.com\\\/trophies\\\/14342-quick-mafs\",\"approximateTime\":2,\"trophiesTotal\":15,\"trophiesGold\":11,\"trophiesSilver\":1,\"trophiesBronze\":2,\"price\":{\"amount\":\"100\",\"currency\":\"EUR\"}}}"
